
usuario@A930 MINGW64 ~
$ cd desktop/

usuario@A930 MINGW64 ~/desktop
$ mkdir personalwebpage

usuario@A930 MINGW64 ~/desktop
$ ls
'Captura de pantalla 2024-08-29 153449.jpg'
'Dise침o Web 1'/
 desktop.ini
 personalwebpage/
'~$Libro1.xlsx'

usuario@A930 MINGW64 ~/desktop
$ dir
Captura\ de\ pantalla\ 2024-08-29\ 153449.jpg
Dise침o\ Web\ 1
desktop.ini
personalwebpage
~$Libro1.xlsx

usuario@A930 MINGW64 ~/desktop
$ ls
'Captura de pantalla 2024-08-29 153449.jpg'
'Dise침o Web 1'/
 desktop.ini
 personalwebpage/
'~$Libro1.xlsx'

usuario@A930 MINGW64 ~/desktop
$ cd personalwebpage/

usuario@A930 MINGW64 ~/desktop/personalwebpage
$ touch index.html

usuario@A930 MINGW64 ~/desktop/personalwebpage
$ ls
index.html

usuario@A930 MINGW64 ~/desktop/personalwebpage
$ mkdir assets

usuario@A930 MINGW64 ~/desktop/personalwebpage
$ mkdir assets/css

usuario@A930 MINGW64 ~/desktop/personalwebpage
$ ls
assets/  index.html

usuario@A930 MINGW64 ~/desktop/personalwebpage
$ tree
bash: tree: command not found

usuario@A930 MINGW64 ~/desktop/personalwebpage
$ mkdir assets/img

usuario@A930 MINGW64 ~/desktop/personalwebpage
$ mkdir assets/js

usuario@A930 MINGW64 ~/desktop/personalwebpage
$ mkdir assets/fonts

usuario@A930 MINGW64 ~/desktop/personalwebpage
$ ls assets
css/  fonts/  img/  js/

usuario@A930 MINGW64 ~/desktop/personalwebpage
$ git init
Initialized empty Git repository in C:/Users/usuario/Desktop/personalwebpage/.git/

usuario@A930 MINGW64 ~/desktop/personalwebpage (master)
$ git add .

usuario@A930 MINGW64 ~/desktop/personalwebpage (master)
$ git status
On branch master

No commits yet

Changes to be committed:
  (use "git rm --cached <file>..." to unstage)
        new file:   assets/img/favicon.ico
        new file:   index.html


usuario@A930 MINGW64 ~/desktop/personalwebpage (master)
$ git commit -m "Primer commit"
Author identity unknown

*** Please tell me who you are.

Run

  git config --global user.email "you@example.com"
  git config --global user.name "Your Name"

to set your account's default identity.
Omit --global to set the identity only in this repository.

fatal: unable to auto-detect email address (got 'usuario@A930.(none)')

usuario@A930 MINGW64 ~/desktop/personalwebpage (master)
$ git config --global user.email "arturoazuara92@aragon.unam.mx"

usuario@A930 MINGW64 ~/desktop/personalwebpage (master)
$ git config --global user.name "ArturoAzuara"

usuario@A930 MINGW64 ~/desktop/personalwebpage (master)
$ git commit -m "Primer commit"
[master (root-commit) 555db94] Primer commit
 2 files changed, 15 insertions(+)
 create mode 100644 assets/img/favicon.ico
 create mode 100644 index.html

usuario@A930 MINGW64 ~/desktop/personalwebpage (master)
$ git branch -M main

usuario@A930 MINGW64 ~/desktop/personalwebpage (main)
$ git remote add origin https://github.com/ArturoAzuara/ArturoAzuara.github.io.git

usuario@A930 MINGW64 ~/desktop/personalwebpage (main)
$ git push -u origin main
fatal: El c칩digo de estado de la respuesta no indica un resultado correcto: 401 (Unauthorized).
error: unable to read askpass response from 'C:/Users/usuario/AppData/Local/Programs/Git/mingw64/bin/git-askpass.exe'
Username for 'https://github.com':
Enumerating objects: 6, done.
Counting objects: 100% (6/6), done.
Delta compression using up to 4 threads
Compressing objects: 100% (4/4), done.
Writing objects: 100% (6/6), 10.13 KiB | 5.06 MiB/s, done.
Total 6 (delta 0), reused 0 (delta 0), pack-reused 0 (from 0)
To https://github.com/ArturoAzuara/ArturoAzuara.github.io.git
 * [new branch]      main -> main
branch 'main' set up to track 'origin/main'.

usuario@A930 MINGW64 ~/